// Jest Snapshot v1, https://goo.gl/fbAQLP

exports[`Server - e2e gets a single event 1`] = `
Object {
  "data": Object {
    "event": null,
  },
  "errors": Array [
    Object {
      "extensions": Object {
        "code": "INTERNAL_SERVER_ERROR",
      },
      "locations": Array [
        Object {
          "column": 3,
          "line": 2,
        },
      ],
      "message": "Data cannot be resolved to any Event type. Please contact to backend developers.",
      "path": Array [
        "event",
      ],
    },
  ],
}
`;

exports[`Server - e2e gets list of events 1`] = `
Object {
  "data": Object {
    "events": Object {
      "cursor": 0,
      "events": Array [],
    },
  },
}
`;
